// Jest Snapshot v1, https://goo.gl/fbAQLP

exports[`RouteNotFound should render error message 1`] = `
ShallowWrapper {
  "complexSelector": ComplexSelector {
    "buildPredicate": [Function],
    "childrenOfNode": [Function],
    "findWhereUnwrapped": [Function],
  },
  "length": 1,
  "node": <Message
    negative={true}
>
    <MessageHeader>
        This page does not exist!
    </MessageHeader>
    <Link
        replace={false}
        to="/recipes"
    >
        CLICK HERE TO VIEW RECIPES
    </Link>
</Message>,
  "nodes": Array [
    <Message
      negative={true}
>
      <MessageHeader>
            This page does not exist!
      </MessageHeader>
      <Link
            replace={false}
            to="/recipes"
      >
            CLICK HERE TO VIEW RECIPES
      </Link>
</Message>,
  ],
  "options": Object {},
  "renderer": ReactShallowRenderer {
    "_instance": ShallowComponentWrapper {
      "_calledComponentWillUnmount": false,
      "_compositeType": 2,
      "_context": Object {},
      "_currentElement": <RouteNotFound />,
      "_debugID": 1,
      "_hostContainerInfo": null,
      "_hostParent": null,
      "_instance": StatelessComponent {
        "_reactInternalInstance": [Circular],
        "context": Object {},
        "props": Object {},
        "refs": Object {},
        "state": null,
        "updater": Object {
          "enqueueCallback": [Function],
          "enqueueCallbackInternal": [Function],
          "enqueueElementInternal": [Function],
          "enqueueForceUpdate": [Function],
          "enqueueReplaceState": [Function],
          "enqueueSetState": [Function],
          "isMounted": [Function],
          "validateCallback": [Function],
        },
      },
      "_mountOrder": 1,
      "_pendingCallbacks": null,
      "_pendingElement": null,
      "_pendingForceUpdate": false,
      "_pendingReplaceState": false,
      "_pendingStateQueue": null,
      "_renderedComponent": NoopInternalComponent {
        "_currentElement": <Message
          negative={true}
>
          <MessageHeader>
                    This page does not exist!
          </MessageHeader>
          <Link
                    replace={false}
                    to="/recipes"
          >
                    CLICK HERE TO VIEW RECIPES
          </Link>
</Message>,
        "_debugID": 2,
        "_renderedOutput": <Message
          negative={true}
>
          <MessageHeader>
                    This page does not exist!
          </MessageHeader>
          <Link
                    replace={false}
                    to="/recipes"
          >
                    CLICK HERE TO VIEW RECIPES
          </Link>
</Message>,
      },
      "_renderedNodeType": 1,
      "_rootNodeID": 0,
      "_topLevelWrapper": null,
      "_updateBatchNumber": null,
      "_warnedAboutRefsInRender": false,
    },
    "getRenderOutput": [Function],
    "render": [Function],
  },
  "root": [Circular],
  "unrendered": <RouteNotFound />,
}
`;
